---
source: crates/aquascope/tests/boundaries.rs
description: add_ref@add_ref.test
---
- location: 68
  expected:
    read: true
    write: false
    drop: false
  actual:
    type_droppable: true
    type_writeable: false
    type_copyable: true
    is_live: true
    path_uninitialized: false
    permissions:
      read: true
      write: false
      drop: true
- location: 74
  expected:
    read: true
    write: true
    drop: false
  actual:
    type_droppable: false
    type_writeable: true
    type_copyable: false
    is_live: true
    path_uninitialized: false
    permissions:
      read: true
      write: true
      drop: false
  expecting_flow:
    is_violation: false
    flow_context:
      start: 73
      end: 83
      filename:
        private: 0
    kind: Ok
- location: 80
  expected:
    read: true
    write: false
    drop: false
  actual:
    type_droppable: false
    type_writeable: false
    type_copyable: true
    is_live: true
    path_uninitialized: false
    permissions:
      read: true
      write: false
      drop: false
  expecting_flow:
    is_violation: true
    flow_context:
      start: 73
      end: 83
      filename:
        private: 0
    kind: LocalOutlivesUniversal

