---
source: crates/aquascope/tests/interpreter.rs
description: basic.test
---
steps:
  - stack:
      frames:
        - name: main
          body_span:
            start: 0
            end: 53
            filename:
              private: 0
          location:
            start: 0
            end: 9
            filename:
              private: 0
          locals: []
    heap:
      locations: []
  - stack:
      frames:
        - name: main
          body_span:
            start: 0
            end: 53
            filename:
              private: 0
          location:
            start: 14
            end: 28
            filename:
              private: 0
          locals:
            - name: x
              value:
                type: Int
                value: 1
              moved_paths: []
    heap:
      locations: []
  - stack:
      frames:
        - name: main
          body_span:
            start: 0
            end: 53
            filename:
              private: 0
          location:
            start: 31
            end: 41
            filename:
              private: 0
          locals:
            - name: x
              value:
                type: Int
                value: 1
              moved_paths: []
            - name: y
              value:
                type: Int
                value: 1
              moved_paths: []
    heap:
      locations: []
  - stack:
      frames:
        - name: main
          body_span:
            start: 0
            end: 53
            filename:
              private: 0
          location:
            start: 44
            end: 51
            filename:
              private: 0
          locals:
            - name: x
              value:
                type: Int
                value: 2
              moved_paths: []
            - name: y
              value:
                type: Int
                value: 1
              moved_paths: []
    heap:
      locations: []
  - stack:
      frames:
        - name: main
          body_span:
            start: 0
            end: 53
            filename:
              private: 0
          location:
            start: 52
            end: 53
            filename:
              private: 0
          locals: []
    heap:
      locations: []
result:
  type: Success

